// Vitest Snapshot v1, https://vitest.dev/guide/snapshot.html

exports[`Search Screen Component Test > should match the snapshot 1`] = `<div />`;
